// Jest Snapshot v1, https://goo.gl/fbAQLP

exports[`SignatureHistory - Should render Signature History 1`] = `
<div
  id="signature-container"
>
  <div
    className="element-title"
  >
    Signatures
  </div>
  <div
    className="details-table"
  >
    <h4>
      Signed By: 
    </h4>
    <h4>
      Signed At: 
    </h4>
    <h4>
      Proof: 
    </h4>
    <div
      key="signer-0"
    >
      Signer One
    </div>
    <div
      key="signatureDateTime-0"
    >
      Invalid Date
    </div>
    <div
      key="proofLink-0"
    >
      <a
        href="undefined/entries/93ae94fce1d960dc818c049f9a23f8305cdea54dd6954153c57be62179db1fcf"
        rel="noopener noreferrer"
        target="_blank"
      >
        Link to Proof
      </a>
    </div>
    <div
      key="signer-1"
    >
      Signer Two
    </div>
    <div
      key="signatureDateTime-1"
    >
      Invalid Date
    </div>
    <div
      key="proofLink-1"
    >
      <a
        href="undefined/entries/93ae94fce1d960dc818c049f9a23f8305cdea54dd6954153c57be62179db1fcf"
        rel="noopener noreferrer"
        target="_blank"
      >
        Link to Proof
      </a>
    </div>
  </div>
</div>
`;

exports[`SignatureHistory - Should render Signature History without signatures 1`] = `
<div
  id="signature-container"
>
  <div
    className="element-title"
  >
    Signatures
  </div>
  <div>
    There are no signatures for this file
  </div>
</div>
`;
