// Jest Snapshot v1, https://goo.gl/fbAQLP

exports[`Should not render if not enough user details provided 1`] = `""`;

exports[`Should not render if user has Foundations ID 1`] = `""`;

exports[`Should render if user has no Foundations ID 1`] = `
<div
  className="row full-width"
  id="no-foundations-id-banner"
  onClick={[Function]}
>
  <p>
    You do not have a Foundations ID and therefore cannot sign any documents.  Click here to find out more...
  </p>
</div>
`;
