// Jest Snapshot v1, https://goo.gl/fbAQLP

exports[`should render with given state 1`] = `
Array [
  <div
    className="logo-container"
  >
    <a
      href="https://prind.tech"
      rel="noopener noreferrer"
      target="_blank"
    >
      <img
        alt="Prin-D Technology logo"
        src="/images/logos/prind-tech-logo.webp"
      />
    </a>
  </div>,
  <div
    className="welcome-text-heading"
  >
    Welcome
  </div>,
  <div
    className="welcome-text-body"
  >
    Please fill in your email address to request a password reset
  </div>,
  <form
    className="sign-in-form"
    id="forgot-password-form"
    onSubmit={[Function]}
  >
    <input
      className="default"
      id="email"
      name="email"
      onChange={[Function]}
      placeholder="Email"
      type="text"
      value=""
    />
    <div
      className="spacer"
    />
    <input
      className="submit-button"
      id="submit"
      onClick={[Function]}
      type="submit"
      value="Reset password"
    />
    <div
      className="spacer"
    />
    <p
      className="sign-up-in-text"
      id="sign-in-form-text"
      onClick={[Function]}
    >
      Already have an account?  Click here to sign in
    </p>
  </form>,
]
`;
