// Jest Snapshot v1, https://goo.gl/fbAQLP

exports[`should render 1`] = `
<Suspense
  fallback={
    <p>
      error
    </p>
  }
>
  <Provider
    store={
      Object {
        "clearActions": [Function],
        "dispatch": [Function],
        "getActions": [Function],
        "getState": [Function],
        "replaceReducer": [Function],
        "subscribe": [Function],
      }
    }
  >
    <HashRouter>
      <withRouter(Connect(ProfileUserTab)) />
    </HashRouter>
  </Provider>
</Suspense>
`;
