// Jest Snapshot v1, https://goo.gl/fbAQLP

exports[`Should render 1`] = `
<div
  className="no-project-selected-container fill"
>
  <div
    className="no-project-selected"
  >
    <ItemIcon
      size="6x"
      type="timesCircle"
    />
    <p>
      Unable to load the content for this page.  Please try again.  If this problem persists, please contact technical support.
    </p>
  </div>
</div>
`;
