// Jest Snapshot v1, https://goo.gl/fbAQLP

exports[`Should render 1`] = `
<div
  className="no-project-selected-container fill"
>
  <div
    className="no-project-selected"
  >
    <ItemIcon
      size="6x"
      type="lock"
    />
    <p>
      The requested project ID was not found in the system.  Please select or create a project using the project drop down.
    </p>
  </div>
</div>
`;
