// Jest Snapshot v1, https://goo.gl/fbAQLP

exports[`should render 1`] = `
<Suspense
  fallback={
    <p>
      error
    </p>
  }
>
  <Provider
    store={
      Object {
        "clearActions": [Function],
        "dispatch": [Function],
        "getActions": [Function],
        "getState": [Function],
        "replaceReducer": [Function],
        "subscribe": [Function],
      }
    }
  >
    <HashRouter>
      <Router
        history={
          Object {
            "action": "POP",
            "block": [Function],
            "createHref": [Function],
            "go": [Function],
            "goBack": [Function],
            "goForward": [Function],
            "length": 1,
            "listen": [Function],
            "location": Object {
              "hash": "",
              "pathname": "/",
              "search": "",
              "state": undefined,
            },
            "push": [Function],
            "replace": [Function],
          }
        }
      >
        <withRouter(Connect(LoggedInContent))>
          <Connect(LoggedInContent)
            history={
              Object {
                "action": "POP",
                "block": [Function],
                "createHref": [Function],
                "go": [Function],
                "goBack": [Function],
                "goForward": [Function],
                "length": 1,
                "listen": [Function],
                "location": Object {
                  "hash": "",
                  "pathname": "/",
                  "search": "",
                  "state": undefined,
                },
                "push": [Function],
                "replace": [Function],
              }
            }
            location={
              Object {
                "hash": "",
                "pathname": "/",
                "search": "",
                "state": undefined,
              }
            }
            match={
              Object {
                "isExact": true,
                "params": Object {},
                "path": "/",
                "url": "/",
              }
            }
          >
            <LoggedInContent
              getProjectDetails={[Function]}
              getProjectMembers={[Function]}
              history={
                Object {
                  "action": "POP",
                  "block": [Function],
                  "createHref": [Function],
                  "go": [Function],
                  "goBack": [Function],
                  "goForward": [Function],
                  "length": 1,
                  "listen": [Function],
                  "location": Object {
                    "hash": "",
                    "pathname": "/",
                    "search": "",
                    "state": undefined,
                  },
                  "push": [Function],
                  "replace": [Function],
                }
              }
              location={
                Object {
                  "hash": "",
                  "pathname": "/",
                  "search": "",
                  "state": undefined,
                }
              }
              match={
                Object {
                  "isExact": true,
                  "params": Object {},
                  "path": "/",
                  "url": "/",
                }
              }
              projects={
                Object {
                  "accessibleProjects": Object {
                    "projectCreator": Array [],
                    "projectRole": Array [],
                  },
                  "chosenProject": Object {
                    "projectId": "",
                    "projectName": "Please select a project",
                    "projectType": "",
                  },
                  "downloadURL": "",
                  "error": null,
                  "fetching": false,
                  "fileDetails": Object {},
                  "memberList": Array [],
                }
              }
              saveProjectID={[Function]}
            >
              <div
                className="full-width row"
                id="logged-in-content-container"
              />
            </LoggedInContent>
          </Connect(LoggedInContent)>
        </withRouter(Connect(LoggedInContent))>
      </Router>
    </HashRouter>
  </Provider>
  <p>
    error
  </p>
</Suspense>
`;
