// Jest Snapshot v1, https://goo.gl/fbAQLP

exports[`Should render logged in 1`] = `
<div
  className="App full-height container-fluid"
>
  <BrowserRouter>
    <Suspense
      fallback={
        <div
          id="loading-placeholder"
        >
          <ProjectLoading
            text="Loading"
          />
        </div>
      }
    >
      <Switch>
        <Route
          component={
            Object {
              "$$typeof": Symbol(react.lazy),
              "_init": [Function],
              "_payload": Object {
                "_result": [Function],
                "_status": -1,
              },
            }
          }
          path="/signin"
        />
        <Route
          component={
            Object {
              "$$typeof": Symbol(react.lazy),
              "_init": [Function],
              "_payload": Object {
                "_result": [Function],
                "_status": -1,
              },
            }
          }
          path="/signup"
        />
        <Route
          component={
            Object {
              "$$typeof": Symbol(react.lazy),
              "_init": [Function],
              "_payload": Object {
                "_result": [Function],
                "_status": -1,
              },
            }
          }
          path="/forgot-password"
        />
        <Route
          component={
            Object {
              "$$typeof": Symbol(react.lazy),
              "_init": [Function],
              "_payload": Object {
                "_result": [Function],
                "_status": -1,
              },
            }
          }
          path="/reset-password"
        />
        <Route
          component={
            Object {
              "$$typeof": Symbol(react.lazy),
              "_init": [Function],
              "_payload": Object {
                "_result": [Function],
                "_status": -1,
              },
            }
          }
          path="/confirm-email"
        />
        <Route
          component={
            Object {
              "$$typeof": Symbol(react.lazy),
              "_init": [Function],
              "_payload": Object {
                "_result": [Function],
                "_status": -1,
              },
            }
          }
          path="/procore-auth"
        />
        <Connect(PrivateRoute)
          component={
            Object {
              "$$typeof": Symbol(react.lazy),
              "_init": [Function],
              "_payload": Object {
                "_result": [Function],
                "_status": -1,
              },
            }
          }
          path="/procore-auth-send"
        />
        <Connect(PrivateRoute)
          component={
            Object {
              "$$typeof": Symbol(react.lazy),
              "_init": [Function],
              "_payload": Object {
                "_result": [Function],
                "_status": -1,
              },
            }
          }
          path="/project"
        />
        <Connect(PrivateRoute)
          component={
            Object {
              "$$typeof": Symbol(react.lazy),
              "_init": [Function],
              "_payload": Object {
                "_result": [Function],
                "_status": -1,
              },
            }
          }
          path="/project/:id"
        />
        <Connect(PrivateRoute)
          component={
            Object {
              "$$typeof": Symbol(react.lazy),
              "_init": [Function],
              "_payload": Object {
                "_result": [Function],
                "_status": -1,
              },
            }
          }
          path="/team"
        />
        <Connect(PrivateRoute)
          component={
            Object {
              "$$typeof": Symbol(react.lazy),
              "_init": [Function],
              "_payload": Object {
                "_result": [Function],
                "_status": -1,
              },
            }
          }
          path="/team/:id"
        />
        <Connect(PrivateRoute)
          component={
            Object {
              "$$typeof": Symbol(react.lazy),
              "_init": [Function],
              "_payload": Object {
                "_result": [Function],
                "_status": -1,
              },
            }
          }
          path="/inception"
        />
        <Connect(PrivateRoute)
          component={
            Object {
              "$$typeof": Symbol(react.lazy),
              "_init": [Function],
              "_payload": Object {
                "_result": [Function],
                "_status": -1,
              },
            }
          }
          path="/inception/:id"
        />
        <Connect(PrivateRoute)
          component={
            Object {
              "$$typeof": Symbol(react.lazy),
              "_init": [Function],
              "_payload": Object {
                "_result": [Function],
                "_status": -1,
              },
            }
          }
          path="/feasibility"
        />
        <Connect(PrivateRoute)
          component={
            Object {
              "$$typeof": Symbol(react.lazy),
              "_init": [Function],
              "_payload": Object {
                "_result": [Function],
                "_status": -1,
              },
            }
          }
          path="/feasibility/:id"
        />
        <Connect(PrivateRoute)
          component={
            Object {
              "$$typeof": Symbol(react.lazy),
              "_init": [Function],
              "_payload": Object {
                "_result": [Function],
                "_status": -1,
              },
            }
          }
          path="/design"
        />
        <Connect(PrivateRoute)
          component={
            Object {
              "$$typeof": Symbol(react.lazy),
              "_init": [Function],
              "_payload": Object {
                "_result": [Function],
                "_status": -1,
              },
            }
          }
          path="/design/:id"
        />
        <Connect(PrivateRoute)
          component={
            Object {
              "$$typeof": Symbol(react.lazy),
              "_init": [Function],
              "_payload": Object {
                "_result": [Function],
                "_status": -1,
              },
            }
          }
          path="/tender"
        />
        <Connect(PrivateRoute)
          component={
            Object {
              "$$typeof": Symbol(react.lazy),
              "_init": [Function],
              "_payload": Object {
                "_result": [Function],
                "_status": -1,
              },
            }
          }
          path="/tender/:id"
        />
        <Connect(PrivateRoute)
          component={
            Object {
              "$$typeof": Symbol(react.lazy),
              "_init": [Function],
              "_payload": Object {
                "_result": [Function],
                "_status": -1,
              },
            }
          }
          path="/construction"
        />
        <Connect(PrivateRoute)
          component={
            Object {
              "$$typeof": Symbol(react.lazy),
              "_init": [Function],
              "_payload": Object {
                "_result": [Function],
                "_status": -1,
              },
            }
          }
          path="/construction/:id"
        />
        <Connect(PrivateRoute)
          component={
            Object {
              "$$typeof": Symbol(react.lazy),
              "_init": [Function],
              "_payload": Object {
                "_result": [Function],
                "_status": -1,
              },
            }
          }
          path="/handover"
        />
        <Connect(PrivateRoute)
          component={
            Object {
              "$$typeof": Symbol(react.lazy),
              "_init": [Function],
              "_payload": Object {
                "_result": [Function],
                "_status": -1,
              },
            }
          }
          path="/handover/:id"
        />
        <Connect(PrivateRoute)
          component={
            Object {
              "$$typeof": Symbol(react.lazy),
              "_init": [Function],
              "_payload": Object {
                "_result": [Function],
                "_status": -1,
              },
            }
          }
          path="/occupation"
        />
        <Connect(PrivateRoute)
          component={
            Object {
              "$$typeof": Symbol(react.lazy),
              "_init": [Function],
              "_payload": Object {
                "_result": [Function],
                "_status": -1,
              },
            }
          }
          path="/occupation/:id"
        />
        <Connect(PrivateRoute)
          component={
            Object {
              "$$typeof": Symbol(react.lazy),
              "_init": [Function],
              "_payload": Object {
                "_result": [Function],
                "_status": -1,
              },
            }
          }
          path="/refurbishment"
        />
        <Connect(PrivateRoute)
          component={
            Object {
              "$$typeof": Symbol(react.lazy),
              "_init": [Function],
              "_payload": Object {
                "_result": [Function],
                "_status": -1,
              },
            }
          }
          path="/refurbishment/:id"
        />
        <Connect(PrivateRoute)
          component={
            Object {
              "$$typeof": Symbol(react.lazy),
              "_init": [Function],
              "_payload": Object {
                "_result": [Function],
                "_status": -1,
              },
            }
          }
          path="/test"
        />
        <Connect(PrivateRoute)
          component={
            Object {
              "$$typeof": Symbol(react.lazy),
              "_init": [Function],
              "_payload": Object {
                "_result": [Function],
                "_status": -1,
              },
            }
          }
          path="/test/:id"
        />
        <Connect(PrivateRoute)
          component={
            Object {
              "$$typeof": Symbol(react.lazy),
              "_init": [Function],
              "_payload": Object {
                "_result": [Function],
                "_status": -1,
              },
            }
          }
          path="/newproject"
        />
        <Connect(PrivateRoute)
          component={
            Object {
              "$$typeof": Symbol(react.lazy),
              "_init": [Function],
              "_payload": Object {
                "_result": [Function],
                "_status": -1,
              },
            }
          }
          path="/profile"
        />
        <Connect(PrivateRoute)
          component={
            Object {
              "$$typeof": Symbol(react.lazy),
              "_init": [Function],
              "_payload": Object {
                "_result": [Function],
                "_status": -1,
              },
            }
          }
          path="/foundations"
        />
        <Route
          path="/"
          render={[Function]}
        />
        <Route
          component={[Function]}
        />
      </Switch>
    </Suspense>
  </BrowserRouter>
  <ToastContainer
    autoClose={5000}
    closeButton={[Function]}
    closeOnClick={true}
    draggable={true}
    draggableDirection="x"
    draggablePercent={80}
    hideProgressBar={false}
    newestOnTop={false}
    pauseOnFocusLoss={true}
    pauseOnHover={true}
    position="top-center"
    role="alert"
    rtl={false}
    transition={[Function]}
  />
</div>
`;

exports[`Should render not logged in 1`] = `
<div
  className="App full-height container-fluid"
>
  <BrowserRouter>
    <Suspense
      fallback={
        <div
          id="loading-placeholder"
        >
          <ProjectLoading
            text="Loading"
          />
        </div>
      }
    >
      <Switch>
        <Route
          component={
            Object {
              "$$typeof": Symbol(react.lazy),
              "_init": [Function],
              "_payload": Object {
                "_result": [Function],
                "_status": -1,
              },
            }
          }
          path="/signin"
        />
        <Route
          component={
            Object {
              "$$typeof": Symbol(react.lazy),
              "_init": [Function],
              "_payload": Object {
                "_result": [Function],
                "_status": -1,
              },
            }
          }
          path="/signup"
        />
        <Route
          component={
            Object {
              "$$typeof": Symbol(react.lazy),
              "_init": [Function],
              "_payload": Object {
                "_result": [Function],
                "_status": -1,
              },
            }
          }
          path="/forgot-password"
        />
        <Route
          component={
            Object {
              "$$typeof": Symbol(react.lazy),
              "_init": [Function],
              "_payload": Object {
                "_result": [Function],
                "_status": -1,
              },
            }
          }
          path="/reset-password"
        />
        <Route
          component={
            Object {
              "$$typeof": Symbol(react.lazy),
              "_init": [Function],
              "_payload": Object {
                "_result": [Function],
                "_status": -1,
              },
            }
          }
          path="/confirm-email"
        />
        <Route
          component={
            Object {
              "$$typeof": Symbol(react.lazy),
              "_init": [Function],
              "_payload": Object {
                "_result": [Function],
                "_status": -1,
              },
            }
          }
          path="/procore-auth"
        />
        <Connect(PrivateRoute)
          component={
            Object {
              "$$typeof": Symbol(react.lazy),
              "_init": [Function],
              "_payload": Object {
                "_result": [Function],
                "_status": -1,
              },
            }
          }
          path="/procore-auth-send"
        />
        <Connect(PrivateRoute)
          component={
            Object {
              "$$typeof": Symbol(react.lazy),
              "_init": [Function],
              "_payload": Object {
                "_result": [Function],
                "_status": -1,
              },
            }
          }
          path="/project"
        />
        <Connect(PrivateRoute)
          component={
            Object {
              "$$typeof": Symbol(react.lazy),
              "_init": [Function],
              "_payload": Object {
                "_result": [Function],
                "_status": -1,
              },
            }
          }
          path="/project/:id"
        />
        <Connect(PrivateRoute)
          component={
            Object {
              "$$typeof": Symbol(react.lazy),
              "_init": [Function],
              "_payload": Object {
                "_result": [Function],
                "_status": -1,
              },
            }
          }
          path="/team"
        />
        <Connect(PrivateRoute)
          component={
            Object {
              "$$typeof": Symbol(react.lazy),
              "_init": [Function],
              "_payload": Object {
                "_result": [Function],
                "_status": -1,
              },
            }
          }
          path="/team/:id"
        />
        <Connect(PrivateRoute)
          component={
            Object {
              "$$typeof": Symbol(react.lazy),
              "_init": [Function],
              "_payload": Object {
                "_result": [Function],
                "_status": -1,
              },
            }
          }
          path="/inception"
        />
        <Connect(PrivateRoute)
          component={
            Object {
              "$$typeof": Symbol(react.lazy),
              "_init": [Function],
              "_payload": Object {
                "_result": [Function],
                "_status": -1,
              },
            }
          }
          path="/inception/:id"
        />
        <Connect(PrivateRoute)
          component={
            Object {
              "$$typeof": Symbol(react.lazy),
              "_init": [Function],
              "_payload": Object {
                "_result": [Function],
                "_status": -1,
              },
            }
          }
          path="/feasibility"
        />
        <Connect(PrivateRoute)
          component={
            Object {
              "$$typeof": Symbol(react.lazy),
              "_init": [Function],
              "_payload": Object {
                "_result": [Function],
                "_status": -1,
              },
            }
          }
          path="/feasibility/:id"
        />
        <Connect(PrivateRoute)
          component={
            Object {
              "$$typeof": Symbol(react.lazy),
              "_init": [Function],
              "_payload": Object {
                "_result": [Function],
                "_status": -1,
              },
            }
          }
          path="/design"
        />
        <Connect(PrivateRoute)
          component={
            Object {
              "$$typeof": Symbol(react.lazy),
              "_init": [Function],
              "_payload": Object {
                "_result": [Function],
                "_status": -1,
              },
            }
          }
          path="/design/:id"
        />
        <Connect(PrivateRoute)
          component={
            Object {
              "$$typeof": Symbol(react.lazy),
              "_init": [Function],
              "_payload": Object {
                "_result": [Function],
                "_status": -1,
              },
            }
          }
          path="/tender"
        />
        <Connect(PrivateRoute)
          component={
            Object {
              "$$typeof": Symbol(react.lazy),
              "_init": [Function],
              "_payload": Object {
                "_result": [Function],
                "_status": -1,
              },
            }
          }
          path="/tender/:id"
        />
        <Connect(PrivateRoute)
          component={
            Object {
              "$$typeof": Symbol(react.lazy),
              "_init": [Function],
              "_payload": Object {
                "_result": [Function],
                "_status": -1,
              },
            }
          }
          path="/construction"
        />
        <Connect(PrivateRoute)
          component={
            Object {
              "$$typeof": Symbol(react.lazy),
              "_init": [Function],
              "_payload": Object {
                "_result": [Function],
                "_status": -1,
              },
            }
          }
          path="/construction/:id"
        />
        <Connect(PrivateRoute)
          component={
            Object {
              "$$typeof": Symbol(react.lazy),
              "_init": [Function],
              "_payload": Object {
                "_result": [Function],
                "_status": -1,
              },
            }
          }
          path="/handover"
        />
        <Connect(PrivateRoute)
          component={
            Object {
              "$$typeof": Symbol(react.lazy),
              "_init": [Function],
              "_payload": Object {
                "_result": [Function],
                "_status": -1,
              },
            }
          }
          path="/handover/:id"
        />
        <Connect(PrivateRoute)
          component={
            Object {
              "$$typeof": Symbol(react.lazy),
              "_init": [Function],
              "_payload": Object {
                "_result": [Function],
                "_status": -1,
              },
            }
          }
          path="/occupation"
        />
        <Connect(PrivateRoute)
          component={
            Object {
              "$$typeof": Symbol(react.lazy),
              "_init": [Function],
              "_payload": Object {
                "_result": [Function],
                "_status": -1,
              },
            }
          }
          path="/occupation/:id"
        />
        <Connect(PrivateRoute)
          component={
            Object {
              "$$typeof": Symbol(react.lazy),
              "_init": [Function],
              "_payload": Object {
                "_result": [Function],
                "_status": -1,
              },
            }
          }
          path="/refurbishment"
        />
        <Connect(PrivateRoute)
          component={
            Object {
              "$$typeof": Symbol(react.lazy),
              "_init": [Function],
              "_payload": Object {
                "_result": [Function],
                "_status": -1,
              },
            }
          }
          path="/refurbishment/:id"
        />
        <Connect(PrivateRoute)
          component={
            Object {
              "$$typeof": Symbol(react.lazy),
              "_init": [Function],
              "_payload": Object {
                "_result": [Function],
                "_status": -1,
              },
            }
          }
          path="/test"
        />
        <Connect(PrivateRoute)
          component={
            Object {
              "$$typeof": Symbol(react.lazy),
              "_init": [Function],
              "_payload": Object {
                "_result": [Function],
                "_status": -1,
              },
            }
          }
          path="/test/:id"
        />
        <Connect(PrivateRoute)
          component={
            Object {
              "$$typeof": Symbol(react.lazy),
              "_init": [Function],
              "_payload": Object {
                "_result": [Function],
                "_status": -1,
              },
            }
          }
          path="/newproject"
        />
        <Connect(PrivateRoute)
          component={
            Object {
              "$$typeof": Symbol(react.lazy),
              "_init": [Function],
              "_payload": Object {
                "_result": [Function],
                "_status": -1,
              },
            }
          }
          path="/profile"
        />
        <Connect(PrivateRoute)
          component={
            Object {
              "$$typeof": Symbol(react.lazy),
              "_init": [Function],
              "_payload": Object {
                "_result": [Function],
                "_status": -1,
              },
            }
          }
          path="/foundations"
        />
        <Route
          path="/"
          render={[Function]}
        />
        <Route
          component={[Function]}
        />
      </Switch>
    </Suspense>
  </BrowserRouter>
  <ToastContainer
    autoClose={5000}
    closeButton={[Function]}
    closeOnClick={true}
    draggable={true}
    draggableDirection="x"
    draggablePercent={80}
    hideProgressBar={false}
    newestOnTop={false}
    pauseOnFocusLoss={true}
    pauseOnHover={true}
    position="top-center"
    role="alert"
    rtl={false}
    transition={[Function]}
  />
</div>
`;

exports[`Should render production 1`] = `
<div
  className="App full-height container-fluid"
>
  <BrowserRouter>
    <Suspense
      fallback={
        <div
          id="loading-placeholder"
        >
          <ProjectLoading
            text="Loading"
          />
        </div>
      }
    >
      <Switch>
        <Route
          component={
            Object {
              "$$typeof": Symbol(react.lazy),
              "_init": [Function],
              "_payload": Object {
                "_result": [Function],
                "_status": -1,
              },
            }
          }
          path="/signin"
        />
        <Route
          component={
            Object {
              "$$typeof": Symbol(react.lazy),
              "_init": [Function],
              "_payload": Object {
                "_result": [Function],
                "_status": -1,
              },
            }
          }
          path="/signup"
        />
        <Route
          component={
            Object {
              "$$typeof": Symbol(react.lazy),
              "_init": [Function],
              "_payload": Object {
                "_result": [Function],
                "_status": -1,
              },
            }
          }
          path="/forgot-password"
        />
        <Route
          component={
            Object {
              "$$typeof": Symbol(react.lazy),
              "_init": [Function],
              "_payload": Object {
                "_result": [Function],
                "_status": -1,
              },
            }
          }
          path="/reset-password"
        />
        <Route
          component={
            Object {
              "$$typeof": Symbol(react.lazy),
              "_init": [Function],
              "_payload": Object {
                "_result": [Function],
                "_status": -1,
              },
            }
          }
          path="/confirm-email"
        />
        <Route
          component={
            Object {
              "$$typeof": Symbol(react.lazy),
              "_init": [Function],
              "_payload": Object {
                "_result": [Function],
                "_status": -1,
              },
            }
          }
          path="/procore-auth"
        />
        <Connect(PrivateRoute)
          component={
            Object {
              "$$typeof": Symbol(react.lazy),
              "_init": [Function],
              "_payload": Object {
                "_result": [Function],
                "_status": -1,
              },
            }
          }
          path="/procore-auth-send"
        />
        <Connect(PrivateRoute)
          component={
            Object {
              "$$typeof": Symbol(react.lazy),
              "_init": [Function],
              "_payload": Object {
                "_result": [Function],
                "_status": -1,
              },
            }
          }
          path="/project"
        />
        <Connect(PrivateRoute)
          component={
            Object {
              "$$typeof": Symbol(react.lazy),
              "_init": [Function],
              "_payload": Object {
                "_result": [Function],
                "_status": -1,
              },
            }
          }
          path="/project/:id"
        />
        <Connect(PrivateRoute)
          component={
            Object {
              "$$typeof": Symbol(react.lazy),
              "_init": [Function],
              "_payload": Object {
                "_result": [Function],
                "_status": -1,
              },
            }
          }
          path="/team"
        />
        <Connect(PrivateRoute)
          component={
            Object {
              "$$typeof": Symbol(react.lazy),
              "_init": [Function],
              "_payload": Object {
                "_result": [Function],
                "_status": -1,
              },
            }
          }
          path="/team/:id"
        />
        <Connect(PrivateRoute)
          component={
            Object {
              "$$typeof": Symbol(react.lazy),
              "_init": [Function],
              "_payload": Object {
                "_result": [Function],
                "_status": -1,
              },
            }
          }
          path="/inception"
        />
        <Connect(PrivateRoute)
          component={
            Object {
              "$$typeof": Symbol(react.lazy),
              "_init": [Function],
              "_payload": Object {
                "_result": [Function],
                "_status": -1,
              },
            }
          }
          path="/inception/:id"
        />
        <Connect(PrivateRoute)
          component={
            Object {
              "$$typeof": Symbol(react.lazy),
              "_init": [Function],
              "_payload": Object {
                "_result": [Function],
                "_status": -1,
              },
            }
          }
          path="/feasibility"
        />
        <Connect(PrivateRoute)
          component={
            Object {
              "$$typeof": Symbol(react.lazy),
              "_init": [Function],
              "_payload": Object {
                "_result": [Function],
                "_status": -1,
              },
            }
          }
          path="/feasibility/:id"
        />
        <Connect(PrivateRoute)
          component={
            Object {
              "$$typeof": Symbol(react.lazy),
              "_init": [Function],
              "_payload": Object {
                "_result": [Function],
                "_status": -1,
              },
            }
          }
          path="/design"
        />
        <Connect(PrivateRoute)
          component={
            Object {
              "$$typeof": Symbol(react.lazy),
              "_init": [Function],
              "_payload": Object {
                "_result": [Function],
                "_status": -1,
              },
            }
          }
          path="/design/:id"
        />
        <Connect(PrivateRoute)
          component={
            Object {
              "$$typeof": Symbol(react.lazy),
              "_init": [Function],
              "_payload": Object {
                "_result": [Function],
                "_status": -1,
              },
            }
          }
          path="/tender"
        />
        <Connect(PrivateRoute)
          component={
            Object {
              "$$typeof": Symbol(react.lazy),
              "_init": [Function],
              "_payload": Object {
                "_result": [Function],
                "_status": -1,
              },
            }
          }
          path="/tender/:id"
        />
        <Connect(PrivateRoute)
          component={
            Object {
              "$$typeof": Symbol(react.lazy),
              "_init": [Function],
              "_payload": Object {
                "_result": [Function],
                "_status": -1,
              },
            }
          }
          path="/construction"
        />
        <Connect(PrivateRoute)
          component={
            Object {
              "$$typeof": Symbol(react.lazy),
              "_init": [Function],
              "_payload": Object {
                "_result": [Function],
                "_status": -1,
              },
            }
          }
          path="/construction/:id"
        />
        <Connect(PrivateRoute)
          component={
            Object {
              "$$typeof": Symbol(react.lazy),
              "_init": [Function],
              "_payload": Object {
                "_result": [Function],
                "_status": -1,
              },
            }
          }
          path="/handover"
        />
        <Connect(PrivateRoute)
          component={
            Object {
              "$$typeof": Symbol(react.lazy),
              "_init": [Function],
              "_payload": Object {
                "_result": [Function],
                "_status": -1,
              },
            }
          }
          path="/handover/:id"
        />
        <Connect(PrivateRoute)
          component={
            Object {
              "$$typeof": Symbol(react.lazy),
              "_init": [Function],
              "_payload": Object {
                "_result": [Function],
                "_status": -1,
              },
            }
          }
          path="/occupation"
        />
        <Connect(PrivateRoute)
          component={
            Object {
              "$$typeof": Symbol(react.lazy),
              "_init": [Function],
              "_payload": Object {
                "_result": [Function],
                "_status": -1,
              },
            }
          }
          path="/occupation/:id"
        />
        <Connect(PrivateRoute)
          component={
            Object {
              "$$typeof": Symbol(react.lazy),
              "_init": [Function],
              "_payload": Object {
                "_result": [Function],
                "_status": -1,
              },
            }
          }
          path="/refurbishment"
        />
        <Connect(PrivateRoute)
          component={
            Object {
              "$$typeof": Symbol(react.lazy),
              "_init": [Function],
              "_payload": Object {
                "_result": [Function],
                "_status": -1,
              },
            }
          }
          path="/refurbishment/:id"
        />
        <Connect(PrivateRoute)
          component={
            Object {
              "$$typeof": Symbol(react.lazy),
              "_init": [Function],
              "_payload": Object {
                "_result": [Function],
                "_status": -1,
              },
            }
          }
          path="/test"
        />
        <Connect(PrivateRoute)
          component={
            Object {
              "$$typeof": Symbol(react.lazy),
              "_init": [Function],
              "_payload": Object {
                "_result": [Function],
                "_status": -1,
              },
            }
          }
          path="/test/:id"
        />
        <Connect(PrivateRoute)
          component={
            Object {
              "$$typeof": Symbol(react.lazy),
              "_init": [Function],
              "_payload": Object {
                "_result": [Function],
                "_status": -1,
              },
            }
          }
          path="/newproject"
        />
        <Connect(PrivateRoute)
          component={
            Object {
              "$$typeof": Symbol(react.lazy),
              "_init": [Function],
              "_payload": Object {
                "_result": [Function],
                "_status": -1,
              },
            }
          }
          path="/profile"
        />
        <Connect(PrivateRoute)
          component={
            Object {
              "$$typeof": Symbol(react.lazy),
              "_init": [Function],
              "_payload": Object {
                "_result": [Function],
                "_status": -1,
              },
            }
          }
          path="/foundations"
        />
        <Route
          path="/"
          render={[Function]}
        />
        <Route
          component={[Function]}
        />
      </Switch>
    </Suspense>
  </BrowserRouter>
  <ToastContainer
    autoClose={5000}
    closeButton={[Function]}
    closeOnClick={true}
    draggable={true}
    draggableDirection="x"
    draggablePercent={80}
    hideProgressBar={false}
    newestOnTop={false}
    pauseOnFocusLoss={true}
    pauseOnHover={true}
    position="top-center"
    role="alert"
    rtl={false}
    transition={[Function]}
  />
</div>
`;

exports[`Should render staging 1`] = `
<div
  className="App full-height container-fluid"
>
  <BrowserRouter>
    <Suspense
      fallback={
        <div
          id="loading-placeholder"
        >
          <ProjectLoading
            text="Loading"
          />
        </div>
      }
    >
      <Switch>
        <Route
          component={
            Object {
              "$$typeof": Symbol(react.lazy),
              "_init": [Function],
              "_payload": Object {
                "_result": [Function],
                "_status": -1,
              },
            }
          }
          path="/signin"
        />
        <Route
          component={
            Object {
              "$$typeof": Symbol(react.lazy),
              "_init": [Function],
              "_payload": Object {
                "_result": [Function],
                "_status": -1,
              },
            }
          }
          path="/signup"
        />
        <Route
          component={
            Object {
              "$$typeof": Symbol(react.lazy),
              "_init": [Function],
              "_payload": Object {
                "_result": [Function],
                "_status": -1,
              },
            }
          }
          path="/forgot-password"
        />
        <Route
          component={
            Object {
              "$$typeof": Symbol(react.lazy),
              "_init": [Function],
              "_payload": Object {
                "_result": [Function],
                "_status": -1,
              },
            }
          }
          path="/reset-password"
        />
        <Route
          component={
            Object {
              "$$typeof": Symbol(react.lazy),
              "_init": [Function],
              "_payload": Object {
                "_result": [Function],
                "_status": -1,
              },
            }
          }
          path="/confirm-email"
        />
        <Route
          component={
            Object {
              "$$typeof": Symbol(react.lazy),
              "_init": [Function],
              "_payload": Object {
                "_result": [Function],
                "_status": -1,
              },
            }
          }
          path="/procore-auth"
        />
        <Connect(PrivateRoute)
          component={
            Object {
              "$$typeof": Symbol(react.lazy),
              "_init": [Function],
              "_payload": Object {
                "_result": [Function],
                "_status": -1,
              },
            }
          }
          path="/procore-auth-send"
        />
        <Connect(PrivateRoute)
          component={
            Object {
              "$$typeof": Symbol(react.lazy),
              "_init": [Function],
              "_payload": Object {
                "_result": [Function],
                "_status": -1,
              },
            }
          }
          path="/project"
        />
        <Connect(PrivateRoute)
          component={
            Object {
              "$$typeof": Symbol(react.lazy),
              "_init": [Function],
              "_payload": Object {
                "_result": [Function],
                "_status": -1,
              },
            }
          }
          path="/project/:id"
        />
        <Connect(PrivateRoute)
          component={
            Object {
              "$$typeof": Symbol(react.lazy),
              "_init": [Function],
              "_payload": Object {
                "_result": [Function],
                "_status": -1,
              },
            }
          }
          path="/team"
        />
        <Connect(PrivateRoute)
          component={
            Object {
              "$$typeof": Symbol(react.lazy),
              "_init": [Function],
              "_payload": Object {
                "_result": [Function],
                "_status": -1,
              },
            }
          }
          path="/team/:id"
        />
        <Connect(PrivateRoute)
          component={
            Object {
              "$$typeof": Symbol(react.lazy),
              "_init": [Function],
              "_payload": Object {
                "_result": [Function],
                "_status": -1,
              },
            }
          }
          path="/inception"
        />
        <Connect(PrivateRoute)
          component={
            Object {
              "$$typeof": Symbol(react.lazy),
              "_init": [Function],
              "_payload": Object {
                "_result": [Function],
                "_status": -1,
              },
            }
          }
          path="/inception/:id"
        />
        <Connect(PrivateRoute)
          component={
            Object {
              "$$typeof": Symbol(react.lazy),
              "_init": [Function],
              "_payload": Object {
                "_result": [Function],
                "_status": -1,
              },
            }
          }
          path="/feasibility"
        />
        <Connect(PrivateRoute)
          component={
            Object {
              "$$typeof": Symbol(react.lazy),
              "_init": [Function],
              "_payload": Object {
                "_result": [Function],
                "_status": -1,
              },
            }
          }
          path="/feasibility/:id"
        />
        <Connect(PrivateRoute)
          component={
            Object {
              "$$typeof": Symbol(react.lazy),
              "_init": [Function],
              "_payload": Object {
                "_result": [Function],
                "_status": -1,
              },
            }
          }
          path="/design"
        />
        <Connect(PrivateRoute)
          component={
            Object {
              "$$typeof": Symbol(react.lazy),
              "_init": [Function],
              "_payload": Object {
                "_result": [Function],
                "_status": -1,
              },
            }
          }
          path="/design/:id"
        />
        <Connect(PrivateRoute)
          component={
            Object {
              "$$typeof": Symbol(react.lazy),
              "_init": [Function],
              "_payload": Object {
                "_result": [Function],
                "_status": -1,
              },
            }
          }
          path="/tender"
        />
        <Connect(PrivateRoute)
          component={
            Object {
              "$$typeof": Symbol(react.lazy),
              "_init": [Function],
              "_payload": Object {
                "_result": [Function],
                "_status": -1,
              },
            }
          }
          path="/tender/:id"
        />
        <Connect(PrivateRoute)
          component={
            Object {
              "$$typeof": Symbol(react.lazy),
              "_init": [Function],
              "_payload": Object {
                "_result": [Function],
                "_status": -1,
              },
            }
          }
          path="/construction"
        />
        <Connect(PrivateRoute)
          component={
            Object {
              "$$typeof": Symbol(react.lazy),
              "_init": [Function],
              "_payload": Object {
                "_result": [Function],
                "_status": -1,
              },
            }
          }
          path="/construction/:id"
        />
        <Connect(PrivateRoute)
          component={
            Object {
              "$$typeof": Symbol(react.lazy),
              "_init": [Function],
              "_payload": Object {
                "_result": [Function],
                "_status": -1,
              },
            }
          }
          path="/handover"
        />
        <Connect(PrivateRoute)
          component={
            Object {
              "$$typeof": Symbol(react.lazy),
              "_init": [Function],
              "_payload": Object {
                "_result": [Function],
                "_status": -1,
              },
            }
          }
          path="/handover/:id"
        />
        <Connect(PrivateRoute)
          component={
            Object {
              "$$typeof": Symbol(react.lazy),
              "_init": [Function],
              "_payload": Object {
                "_result": [Function],
                "_status": -1,
              },
            }
          }
          path="/occupation"
        />
        <Connect(PrivateRoute)
          component={
            Object {
              "$$typeof": Symbol(react.lazy),
              "_init": [Function],
              "_payload": Object {
                "_result": [Function],
                "_status": -1,
              },
            }
          }
          path="/occupation/:id"
        />
        <Connect(PrivateRoute)
          component={
            Object {
              "$$typeof": Symbol(react.lazy),
              "_init": [Function],
              "_payload": Object {
                "_result": [Function],
                "_status": -1,
              },
            }
          }
          path="/refurbishment"
        />
        <Connect(PrivateRoute)
          component={
            Object {
              "$$typeof": Symbol(react.lazy),
              "_init": [Function],
              "_payload": Object {
                "_result": [Function],
                "_status": -1,
              },
            }
          }
          path="/refurbishment/:id"
        />
        <Connect(PrivateRoute)
          component={
            Object {
              "$$typeof": Symbol(react.lazy),
              "_init": [Function],
              "_payload": Object {
                "_result": [Function],
                "_status": -1,
              },
            }
          }
          path="/test"
        />
        <Connect(PrivateRoute)
          component={
            Object {
              "$$typeof": Symbol(react.lazy),
              "_init": [Function],
              "_payload": Object {
                "_result": [Function],
                "_status": -1,
              },
            }
          }
          path="/test/:id"
        />
        <Connect(PrivateRoute)
          component={
            Object {
              "$$typeof": Symbol(react.lazy),
              "_init": [Function],
              "_payload": Object {
                "_result": [Function],
                "_status": -1,
              },
            }
          }
          path="/newproject"
        />
        <Connect(PrivateRoute)
          component={
            Object {
              "$$typeof": Symbol(react.lazy),
              "_init": [Function],
              "_payload": Object {
                "_result": [Function],
                "_status": -1,
              },
            }
          }
          path="/profile"
        />
        <Connect(PrivateRoute)
          component={
            Object {
              "$$typeof": Symbol(react.lazy),
              "_init": [Function],
              "_payload": Object {
                "_result": [Function],
                "_status": -1,
              },
            }
          }
          path="/foundations"
        />
        <Route
          path="/"
          render={[Function]}
        />
        <Route
          component={[Function]}
        />
      </Switch>
    </Suspense>
  </BrowserRouter>
  <ToastContainer
    autoClose={5000}
    closeButton={[Function]}
    closeOnClick={true}
    draggable={true}
    draggableDirection="x"
    draggablePercent={80}
    hideProgressBar={false}
    newestOnTop={false}
    pauseOnFocusLoss={true}
    pauseOnHover={true}
    position="top-center"
    role="alert"
    rtl={false}
    transition={[Function]}
  />
</div>
`;
