// Jest Snapshot v1, https://goo.gl/fbAQLP

exports[`should render with given state 1`] = `
Array [
  <div
    className="logo-container"
  >
    <a
      href="https://buildingim.com"
      rel="noopener noreferrer"
      target="_blank"
    >
      <img
        alt="BuildingIM logo"
        src="/images/logos/buildingim-logo.webp"
      />
    </a>
  </div>,
  <div
    className="welcome-text-heading"
  >
    Welcome
  </div>,
  <div
    className="welcome-text-body"
  >
    Please enter a new password for your account.
  </div>,
  <form
    className="sign-in-form form"
    id="reset-password-form"
    onSubmit={[Function]}
  >
    <input
      className="default"
      id="password"
      name="password"
      onChange={[Function]}
      placeholder="Password"
      type="password"
      value=""
    />
    <input
      className="default"
      id="confirmPassword"
      name="confirmPassword"
      onChange={[Function]}
      placeholder="Repeat Password"
      type="password"
      value=""
    />
    <div
      className="spacer"
    />
    <input
      className="submit-button"
      id="submit"
      onClick={[Function]}
      type="submit"
      value="Change Password"
    />
  </form>,
]
`;
