// Jest Snapshot v1, https://goo.gl/fbAQLP

exports[`Should render with project selector 1`] = `
<div
  className="project-selector"
>
  <button
    className="search-field"
    id="search-field"
    onClick={[Function]}
  >
    <span>
      <FontAwesomeIcon
        border={false}
        className=""
        fixedWidth={false}
        flip={null}
        icon={
          Object {
            "icon": Array [
              512,
              512,
              Array [],
              "f009",
              "M296 32h192c13.255 0 24 10.745 24 24v160c0 13.255-10.745 24-24 24H296c-13.255 0-24-10.745-24-24V56c0-13.255 10.745-24 24-24zm-80 0H24C10.745 32 0 42.745 0 56v160c0 13.255 10.745 24 24 24h192c13.255 0 24-10.745 24-24V56c0-13.255-10.745-24-24-24zM0 296v160c0 13.255 10.745 24 24 24h192c13.255 0 24-10.745 24-24V296c0-13.255-10.745-24-24-24H24c-13.255 0-24 10.745-24 24zm296 184h192c13.255 0 24-10.745 24-24V296c0-13.255-10.745-24-24-24H296c-13.255 0-24 10.745-24 24v160c0 13.255 10.745 24 24 24z",
            ],
            "iconName": "th-large",
            "prefix": "fas",
          }
        }
        inverse={false}
        listItem={false}
        mask={null}
        pull={null}
        pulse={false}
        rotation={null}
        size="1x"
        spin={false}
        swapOpacity={false}
        symbol={false}
        title=""
        transform={null}
      />
    </span>
  </button>
  <PopOverHandler>
    <withRouter(Connect(ProjectSelectorPopUp))
      onCancelPopup={[Function]}
    />
  </PopOverHandler>
</div>
`;

exports[`Should render without project selector 1`] = `
<div
  className="project-selector"
>
  <button
    className="search-field"
    id="search-field"
    onClick={[Function]}
  >
    <span>
      <FontAwesomeIcon
        border={false}
        className=""
        fixedWidth={false}
        flip={null}
        icon={
          Object {
            "icon": Array [
              512,
              512,
              Array [],
              "f009",
              "M296 32h192c13.255 0 24 10.745 24 24v160c0 13.255-10.745 24-24 24H296c-13.255 0-24-10.745-24-24V56c0-13.255 10.745-24 24-24zm-80 0H24C10.745 32 0 42.745 0 56v160c0 13.255 10.745 24 24 24h192c13.255 0 24-10.745 24-24V56c0-13.255-10.745-24-24-24zM0 296v160c0 13.255 10.745 24 24 24h192c13.255 0 24-10.745 24-24V296c0-13.255-10.745-24-24-24H24c-13.255 0-24 10.745-24 24zm296 184h192c13.255 0 24-10.745 24-24V296c0-13.255-10.745-24-24-24H296c-13.255 0-24 10.745-24 24v160c0 13.255 10.745 24 24 24z",
            ],
            "iconName": "th-large",
            "prefix": "fas",
          }
        }
        inverse={false}
        listItem={false}
        mask={null}
        pull={null}
        pulse={false}
        rotation={null}
        size="1x"
        spin={false}
        swapOpacity={false}
        symbol={false}
        title=""
        transform={null}
      />
    </span>
  </button>
</div>
`;

exports[`Should render without project selector and then open project selector 1`] = `
<div
  className="project-selector"
>
  <button
    className="search-field"
    id="search-field"
    onClick={[Function]}
  >
    <span>
      <FontAwesomeIcon
        border={false}
        className=""
        fixedWidth={false}
        flip={null}
        icon={
          Object {
            "icon": Array [
              512,
              512,
              Array [],
              "f009",
              "M296 32h192c13.255 0 24 10.745 24 24v160c0 13.255-10.745 24-24 24H296c-13.255 0-24-10.745-24-24V56c0-13.255 10.745-24 24-24zm-80 0H24C10.745 32 0 42.745 0 56v160c0 13.255 10.745 24 24 24h192c13.255 0 24-10.745 24-24V56c0-13.255-10.745-24-24-24zM0 296v160c0 13.255 10.745 24 24 24h192c13.255 0 24-10.745 24-24V296c0-13.255-10.745-24-24-24H24c-13.255 0-24 10.745-24 24zm296 184h192c13.255 0 24-10.745 24-24V296c0-13.255-10.745-24-24-24H296c-13.255 0-24 10.745-24 24v160c0 13.255 10.745 24 24 24z",
            ],
            "iconName": "th-large",
            "prefix": "fas",
          }
        }
        inverse={false}
        listItem={false}
        mask={null}
        pull={null}
        pulse={false}
        rotation={null}
        size="1x"
        spin={false}
        swapOpacity={false}
        symbol={false}
        title=""
        transform={null}
      />
    </span>
  </button>
  <PopOverHandler>
    <withRouter(Connect(ProjectSelectorPopUp))
      onCancelPopup={[Function]}
    />
  </PopOverHandler>
</div>
`;
