// Jest Snapshot v1, https://goo.gl/fbAQLP

exports[`should render sign in box 1`] = `
<Fragment>
  <div
    className="logo-container"
  >
    <a
      href="https://prind.tech"
      rel="noopener noreferrer"
      target="_blank"
    >
      <img
        alt="Prin D Tech logo"
        src="/images/logos/prind-tech-logo.webp"
      />
    </a>
  </div>
  <div
    className="welcome-text-heading"
  >
    Welcome
  </div>
  <div
    className="welcome-text-body"
  >
    Fil in your login details to access the portal
  </div>
  <form
    className="sign-in-form form"
  >
    <input
      className="filled"
      id="email"
      name="email"
      onChange={[Function]}
      placeholder="Email"
      type="text"
      value=""
    />
    <input
      className="filled"
      id="password"
      name="password"
      onChange={[Function]}
      placeholder="Password"
      type="password"
      value=""
    />
    <p
      className="forgot-your-password-text"
      onClick={[Function]}
    >
      Forgot your password?
    </p>
    <div
      className="spacer"
    />
    <input
      className="submit-button"
      id="signInButton"
      name="signInButton"
      onClick={[Function]}
      type="submit"
      value="Login"
    />
    <div
      className="spacer"
    />
    <p
      className="sign-up-in-text"
      onClick={[Function]}
    >
      Haven't got an account yet?  Click here to sign up
    </p>
  </form>
</Fragment>
`;
